<?xml version="1.0"?>
<testsuites>
  <testsuite name="PhantomJS 1.9.7 (Mac OS X)" package="" timestamp="2014-09-01T21:48:47" id="0" hostname="joes-MacBook-Air.local" tests="8" errors="0" failures="0" time="0.016">
    <properties>
      <property name="browser.fullName" value="Mozilla/5.0 (Macintosh; Intel Mac OS X) AppleWebKit/534.34 (KHTML, like Gecko) PhantomJS/1.9.7 Safari/534.34"/>
    </properties>
    <testcase name="should attach a list of awesomeThings to the scope" time="0.008" classname="PhantomJS 1.9.7 (Mac OS X).Controller: displayCtrl initialisation of displatCtrl"/>
    <testcase name="Should do some search with undefined" time="0.002" classname="PhantomJS 1.9.7 (Mac OS X).Controller: displayCtrl $scope_search = function()"/>
    <testcase name="should do a search with search term" time="0.001" classname="PhantomJS 1.9.7 (Mac OS X).Controller: displayCtrl $scope_search = function()"/>
    <testcase name="Should set the page and do some search" time="0" classname="PhantomJS 1.9.7 (Mac OS X).Controller: displayCtrl $scope_setPage = function(page)"/>
    <testcase name="Should do some search" time="0.003" classname="PhantomJS 1.9.7 (Mac OS X).Controller: displayCtrl $scope_setOverlay = function()"/>
    <testcase name="should receive images from flickr" time="0.001" classname="PhantomJS 1.9.7 (Mac OS X).Controller: displayCtrl $scope_$on(&apos;imagesLoaded&apos;)"/>
    <testcase name="should do something" time="0.001" classname="PhantomJS 1.9.7 (Mac OS X).Service: flickr"/>
    <testcase name="should run here few assertions" time="0" classname="PhantomJS 1.9.7 (Mac OS X).Give it some context maybe a bit more context here"/>
    <system-out><![CDATA[
]]></system-out>
    <system-err/>
  </testsuite>
</testsuites>
